
> tauri-app@0.1.0 build
> vite build

vite v6.4.2 building for production...
transforming...
✓ 1979 modules transformed.
✗ Build failed in 4.45s
error during build:
src/App.tsx (2:16): "Routes" is not exported by "node_modules/@solidjs/router/dist/index.jsx", imported by "src/App.tsx".
file: /home/overlord/AG/Stoa-devel/src/App.tsx:2:16

1: import { Component } from 'solid-js';
2: import { Route, Routes } from '@solidjs/router';
                   ^
3: import { AuthView } from './views/AuthView';
4: import { Layout } from './views/Layout';

    at getRollupError (file:///home/overlord/AG/Stoa-devel/node_modules/rollup/dist/es/shared/parseAst.js:406:41)
    at error (file:///home/overlord/AG/Stoa-devel/node_modules/rollup/dist/es/shared/parseAst.js:402:42)
    at Module.error (file:///home/overlord/AG/Stoa-devel/node_modules/rollup/dist/es/shared/node-entry.js:17380:16)
    at Module.traceVariable (file:///home/overlord/AG/Stoa-devel/node_modules/rollup/dist/es/shared/node-entry.js:17813:29)
    at ModuleScope.findVariable (file:///home/overlord/AG/Stoa-devel/node_modules/rollup/dist/es/shared/node-entry.js:15403:39)
    at ReturnValueScope.findVariable (file:///home/overlord/AG/Stoa-devel/node_modules/rollup/dist/es/shared/node-entry.js:5676:38)
    at FunctionBodyScope.findVariable (file:///home/overlord/AG/Stoa-devel/node_modules/rollup/dist/es/shared/node-entry.js:5676:38)
    at Identifier.bind (file:///home/overlord/AG/Stoa-devel/node_modules/rollup/dist/es/shared/node-entry.js:5450:40)
    at CallExpression.bind (file:///home/overlord/AG/Stoa-devel/node_modules/rollup/dist/es/shared/node-entry.js:2828:28)
    at CallExpression.bind (file:///home/overlord/AG/Stoa-devel/node_modules/rollup/dist/es/shared/node-entry.js:12512:15)
    at ReturnStatement.bind (file:///home/overlord/AG/Stoa-devel/node_modules/rollup/dist/es/shared/node-entry.js:2832:23)
    at BlockStatement.bind (file:///home/overlord/AG/Stoa-devel/node_modules/rollup/dist/es/shared/node-entry.js:2828:28)
    at ArrowFunctionExpression.bind (file:///home/overlord/AG/Stoa-devel/node_modules/rollup/dist/es/shared/node-entry.js:2832:23)
    at VariableDeclarator.bind (file:///home/overlord/AG/Stoa-devel/node_modules/rollup/dist/es/shared/node-entry.js:2832:23)
    at VariableDeclaration.bind (file:///home/overlord/AG/Stoa-devel/node_modules/rollup/dist/es/shared/node-entry.js:2828:28)
    at Program.bind (file:///home/overlord/AG/Stoa-devel/node_modules/rollup/dist/es/shared/node-entry.js:2828:28)
    at Module.bindReferences (file:///home/overlord/AG/Stoa-devel/node_modules/rollup/dist/es/shared/node-entry.js:17359:18)
    at Graph.sortAndBindModules (file:///home/overlord/AG/Stoa-devel/node_modules/rollup/dist/es/shared/node-entry.js:23262:20)
    at Graph.build (file:///home/overlord/AG/Stoa-devel/node_modules/rollup/dist/es/shared/node-entry.js:23160:14)
    at async file:///home/overlord/AG/Stoa-devel/node_modules/rollup/dist/es/shared/node-entry.js:23851:13
    at async catchUnfinishedHookActions (file:///home/overlord/AG/Stoa-devel/node_modules/rollup/dist/es/shared/node-entry.js:23321:16)
    at async rollupInternal (file:///home/overlord/AG/Stoa-devel/node_modules/rollup/dist/es/shared/node-entry.js:23846:5)
    at async buildEnvironment (file:///home/overlord/AG/Stoa-devel/node_modules/vite/dist/node/chunks/dep-Dq2t6Dq0.js:46260:14)
    at async Object.defaultBuildApp [as buildApp] (file:///home/overlord/AG/Stoa-devel/node_modules/vite/dist/node/chunks/dep-Dq2t6Dq0.js:46738:5)
    at async CAC.<anonymous> (file:///home/overlord/AG/Stoa-devel/node_modules/vite/dist/node/cli.js:863:7)
